// Jest Snapshot v1, https://goo.gl/fbAQLP

exports[`renders the app - navbar links are displayed correctly 1`] = `
<div>
  <div
    class="container d-lg-flex"
    data-testid="productlist-container"
  >
    <div
      class="col-md-3"
      data-testid="category-filter"
    >
      <label
        for="category-select"
      >
        PRODUCT CATEGORIES:
        <select
          id="category-select"
          name="categories"
        >
          <option
            value=""
          >
             Select a category
          </option>
          <option
            value="All Plants"
          >
            All Plants
          </option>
        </select>
      </label>
    </div>
    <div
      class="row d-flex pt-lg-0 pt-3"
    >
       
      <div
        class="col-sm-6 col-md-4"
        role="presentation"
      >
        <div
          class="plant d-flex justify-content center flex-column"
        >
          <button
            class="view btn-primary mb-2"
            data-testid="action-button"
            type="button"
          >
            View item
          </button>
          <img
            alt="plant"
            src="https://plant-xchange-app-dev.s3.amazonaws.com/dev..."
          />
        </div>
        <h4>
          ALOE PLANT
        </h4>
        <h4>
          R
          70
        </h4>
      </div>
    </div>
  </div>
</div>
`;
